// Jest Snapshot v1, https://goo.gl/fbAQLP

exports[`components ArticleMissingPopoverContent renders correctly across screens 1`] = `
<Styled(View)>
  <SvgrURL
    height={30}
    width={30}
  />
  <Styled(Text)>
    Ups, deine Eingabe ist nicht vollständig. Füge einen Artikel ein.
  </Styled(Text)>
</Styled(View)>
`;
