// Jest Snapshot v1, https://goo.gl/fbAQLP

exports[`Components Feedback section should render without issues 1`] = `""`;
