// Jest Snapshot v1, https://goo.gl/fbAQLP

exports[`Components Modal  renders correctly across screens 1`] = `
<View>
  <ConfirmationModal
    navigation=""
    setIsModalVisible={[Function]}
    visible={false}
  />
</View>
`;
