// Jest Snapshot v1, https://goo.gl/fbAQLP

exports[`Components Title renders correctly across screens 1`] = `
<View
  style={
    Object {
      "alignItems": "center",
      "marginBottom": 32,
      "minHeight": 54,
    }
  }
>
  <Text>
    Title
  </Text>
</View>
`;
